---
source: surrealdb-macros/src/query_define_field.rs
expression: statement.get_bindings()
---
[
    Binding {
        param: "_param_00000000",
        value: Number(
            Int(
                18,
            ),
        ),
        original_inline_name: "_param_00000000",
        raw_string: "18",
        description: None,
    },
    Binding {
        param: "_param_00000000",
        value: Strand(
            Strand(
                "Oyedayo",
            ),
        ),
        original_inline_name: "_param_00000000",
        raw_string: "'Oyedayo'",
        description: None,
    },
    Binding {
        param: "_param_00000000",
        value: Strand(
            Strand(
                "Oyedayo",
            ),
        ),
        original_inline_name: "_param_00000000",
        raw_string: "'Oyedayo'",
        description: None,
    },
    Binding {
        param: "_param_00000000",
        value: Number(
            Int(
                130,
            ),
        ),
        original_inline_name: "_param_00000000",
        raw_string: "130",
        description: None,
    },
]
