---
source: surrealdb-macros/src/query_define_login.rs
expression: login_with_hash.get_bindings()
---
[
    Binding {
        param: "_param_00000000",
        value: Idiom(
            Idiom(
                [
                    Field(
                        Ident(
                            "username",
                        ),
                    ),
                ],
            ),
        ),
        original_inline_name: "_param_00000000",
        raw_string: "username",
        description: Some(
            "login name",
        ),
    },
    Binding {
        param: "_param_00000000",
        value: Strand(
            Strand(
                "oyedayo",
            ),
        ),
        original_inline_name: "_param_00000000",
        raw_string: "'oyedayo'",
        description: Some(
            "login password",
        ),
    },
]
