---
source: migrator-tests/src/lib.rs
expression: db_miration_schema_state
---
DbMigrationSchemaState {
    resources: DbInfo {
        analyzers: Analyzers(
            Info(
                {},
            ),
        ),
        functions: Functions(
            Info(
                {},
            ),
        ),
        params: Params(
            Info(
                {},
            ),
        ),
        scopes: Scopes(
            Info(
                {},
            ),
        ),
        tables: Tables(
            Info(
                {
                    "animal": DefineStatementRaw(
                        "DEFINE TABLE animal SCHEMAFULL PERMISSIONS NONE",
                    ),
                    "animal_snake_case": DefineStatementRaw(
                        "DEFINE TABLE animal_snake_case SCHEMAFULL PERMISSIONS NONE",
                    ),
                    "crop": DefineStatementRaw(
                        "DEFINE TABLE crop SCHEMAFULL PERMISSIONS NONE",
                    ),
                    "eats": DefineStatementRaw(
                        "DEFINE TABLE eats SCHEMAFULL PERMISSIONS NONE",
                    ),
                    "eats_snake_case": DefineStatementRaw(
                        "DEFINE TABLE eats_snake_case SCHEMAFULL PERMISSIONS NONE",
                    ),
                    "migration": DefineStatementRaw(
                        "DEFINE TABLE migration SCHEMAFULL PERMISSIONS NONE",
                    ),
                    "planet": DefineStatementRaw(
                        "DEFINE TABLE planet SCHEMAFULL PERMISSIONS NONE",
                    ),
                    "student": DefineStatementRaw(
                        "DEFINE TABLE student SCHEMAFULL PERMISSIONS NONE",
                    ),
                },
            ),
        ),
        tokens: Tokens(
            Info(
                {},
            ),
        ),
        users: Users(
            Info(
                {},
            ),
        ),
    },
    migration_meta: [
        StreamLinedMigration {
            basename: Basename(
                "migration_gen_1",
            ),
            extension: Extension(
                "surql",
            ),
            checksum_up: Checksum(
                "e3b0c44298fc1c149afbf4c8996fb92427ae41e4649b934ca495991b7852b855",
            ),
            checksum_down: None,
        },
        StreamLinedMigration {
            basename: Basename(
                "migration_init",
            ),
            extension: Extension(
                "surql",
            ),
            checksum_up: Checksum(
                "0581c30713a306fba4e65cf40c06c81bed66786cf2b2aef60e4fc144495ff657",
            ),
            checksum_down: None,
        },
    ],
}
