---
source: migrator-tests/src/lib.rs
expression: migration_queries_snaps
---
header: Basename - migration_init. Extension - up.surql
 Migration Query: 
-- Resetting migrations metadata table at initialization
DELETE migration;
-- Resetting migrations metadata table at initialization ending


DEFINE TABLE animal SCHEMAFULL PERMISSIONS NONE;
DEFINE FIELD attributes ON animal TYPE array<string> PERMISSIONS FULL;
DEFINE FIELD attributes[*] ON animal TYPE string PERMISSIONS FULL;
DEFINE FIELD createdAt ON animal TYPE datetime PERMISSIONS FULL;
DEFINE FIELD id ON animal TYPE record<animal> PERMISSIONS FULL;
DEFINE FIELD species ON animal TYPE string PERMISSIONS FULL;
DEFINE FIELD updatedAt ON animal TYPE datetime PERMISSIONS FULL;
DEFINE FIELD velocity ON animal TYPE int PERMISSIONS FULL;
DEFINE INDEX species_speed_idx ON animal FIELDS species, velocity UNIQUE;
DEFINE EVENT event1 ON animal WHEN (species = 'Homo Erectus') AND (velocity > 545) THEN (SELECT * FROM crop);
DEFINE EVENT event2 ON animal WHEN (species = 'Homo Sapien') AND (velocity < 10) THEN (SELECT * FROM eats);

DEFINE TABLE migration SCHEMAFULL PERMISSIONS NONE;
DEFINE FIELD checksum_down ON migration TYPE string PERMISSIONS FULL;
DEFINE FIELD checksum_up ON migration TYPE string PERMISSIONS FULL;
DEFINE FIELD id ON migration TYPE record<migration> PERMISSIONS FULL;
DEFINE FIELD name ON migration TYPE string PERMISSIONS FULL;
DEFINE FIELD timestamp ON migration TYPE int PERMISSIONS FULL;

DEFINE TABLE planet SCHEMAFULL PERMISSIONS NONE;
DEFINE FIELD createdAt ON planet TYPE datetime PERMISSIONS FULL;
DEFINE FIELD firstName ON planet TYPE string PERMISSIONS FULL;
DEFINE FIELD id ON planet TYPE record<planet> PERMISSIONS FULL;
DEFINE FIELD labels ON planet TYPE array<string> PERMISSIONS FULL;
DEFINE FIELD labels[*] ON planet TYPE string PERMISSIONS FULL;
DEFINE FIELD population ON planet TYPE int PERMISSIONS FULL;
DEFINE FIELD updatedAt ON planet TYPE datetime PERMISSIONS FULL;

header: Basename - migration_init. Extension - down.surql
 Migration Query: 
REMOVE TABLE animal;

REMOVE TABLE migration;

REMOVE TABLE planet;

header: Basename - migration_gen_1. Extension - up.surql
 Migration Query: 
REMOVE FIELD attributes[*] ON TABLE animal;
-- Rename field attributes to characteristics
DEFINE FIELD characteristics ON animal TYPE array<string> PERMISSIONS FULL;
UPDATE animal SET characteristics = attributes;
REMOVE FIELD attributes ON TABLE animal;
-- Rename field ending
DEFINE FIELD characteristics[*] ON animal TYPE string PERMISSIONS FULL;
REMOVE FIELD createdAt ON TABLE animal;
REMOVE FIELD updatedAt ON TABLE animal;
DEFINE INDEX species_speed_idx ON animal FIELDS velocity, characteristics UNIQUE;
DEFINE EVENT event1 ON animal WHEN species = 'Homo Habillis' AND velocity > 545 THEN (SELECT * FROM crop);
REMOVE EVENT event2 ON TABLE animal;



-- Rename field firstName to newName
DEFINE FIELD newName ON planet TYPE string PERMISSIONS FULL;
UPDATE planet SET newName = firstName;
REMOVE FIELD firstName ON TABLE planet;
-- Rename field ending

header: Basename - migration_gen_1. Extension - down.surql
 Migration Query: 
DEFINE FIELD attributes[*] ON animal TYPE string PERMISSIONS FULL;
-- Revert field name change. Change field characteristics back to attributes
DEFINE FIELD attributes ON animal TYPE array<string> PERMISSIONS FULL;
UPDATE animal SET attributes = characteristics;
REMOVE FIELD characteristics ON TABLE animal;
-- Revert field name change ending
REMOVE FIELD characteristics[*] ON TABLE animal;
DEFINE FIELD createdAt ON animal TYPE datetime PERMISSIONS FULL;
DEFINE FIELD updatedAt ON animal TYPE datetime PERMISSIONS FULL;
DEFINE INDEX species_speed_idx ON animal FIELDS species, velocity UNIQUE;
DEFINE EVENT event1 ON animal WHEN (species = 'Homo Erectus') AND (velocity > 545) THEN (SELECT * FROM crop);
DEFINE EVENT event2 ON animal WHEN (species = 'Homo Sapien') AND (velocity < 10) THEN (SELECT * FROM eats);



-- Revert field name change. Change field newName back to firstName
DEFINE FIELD firstName ON planet TYPE string PERMISSIONS FULL;
UPDATE planet SET firstName = newName;
REMOVE FIELD newName ON TABLE planet;
-- Revert field name change ending
