---
source: migrator-tests/src/lib.rs
expression: db_miration_schema_state
---
DbMigrationSchemaState {
    resources: DbInfo {
        analyzers: Analyzers(
            Info(
                {},
            ),
        ),
        functions: Functions(
            Info(
                {},
            ),
        ),
        params: Params(
            Info(
                {},
            ),
        ),
        scopes: Scopes(
            Info(
                {},
            ),
        ),
        tables: Tables(
            Info(
                {
                    "animal": DefineStatementRaw(
                        "DEFINE TABLE animal SCHEMAFULL PERMISSIONS NONE",
                    ),
                    "crop": DefineStatementRaw(
                        "DEFINE TABLE crop SCHEMAFULL PERMISSIONS NONE",
                    ),
                    "eats": DefineStatementRaw(
                        "DEFINE TABLE eats SCHEMAFULL PERMISSIONS NONE",
                    ),
                    "migration": DefineStatementRaw(
                        "DEFINE TABLE migration SCHEMAFULL PERMISSIONS NONE",
                    ),
                    "new_stuff": DefineStatementRaw(
                        "DEFINE TABLE new_stuff SCHEMAFULL PERMISSIONS NONE",
                    ),
                    "planet": DefineStatementRaw(
                        "DEFINE TABLE planet SCHEMAFULL PERMISSIONS NONE",
                    ),
                },
            ),
        ),
        tokens: Tokens(
            Info(
                {},
            ),
        ),
        users: Users(
            Info(
                {},
            ),
        ),
    },
    migration_meta: [
        StreamLinedMigration {
            basename: Basename(
                "migration_2_gen",
            ),
            extension: Extension(
                "surql",
            ),
            checksum_up: Checksum(
                "2d850089c51a49447395c7b5da3c2cad248644d7a649e2b3711c2d4510cd0ffc",
            ),
            checksum_down: None,
        },
        StreamLinedMigration {
            basename: Basename(
                "migration_init",
            ),
            extension: Extension(
                "surql",
            ),
            checksum_up: Checksum(
                "adceda8f9eaccd54bcb515250c8a9e2deee25a0c24228433e739fd3f72dfaab4",
            ),
            checksum_down: None,
        },
    ],
}
