---
source: migrator-tests/src/lib.rs
expression: db_miration_schema_state
---
DbMigrationSchemaState {
    resources: DbInfo {
        analyzers: Analyzers(
            Info(
                {},
            ),
        ),
        functions: Functions(
            Info(
                {},
            ),
        ),
        params: Params(
            Info(
                {},
            ),
        ),
        scopes: Scopes(
            Info(
                {},
            ),
        ),
        tables: Tables(
            Info(
                {
                    "animal": DefineStatementRaw(
                        "DEFINE TABLE animal SCHEMAFULL PERMISSIONS NONE",
                    ),
                    "crop": DefineStatementRaw(
                        "DEFINE TABLE crop SCHEMAFULL PERMISSIONS NONE",
                    ),
                    "eats_v2": DefineStatementRaw(
                        "DEFINE TABLE eats_v2 SCHEMAFULL PERMISSIONS NONE",
                    ),
                    "migration": DefineStatementRaw(
                        "DEFINE TABLE migration SCHEMAFULL PERMISSIONS NONE",
                    ),
                    "new_stuff": DefineStatementRaw(
                        "DEFINE TABLE new_stuff SCHEMAFULL PERMISSIONS NONE",
                    ),
                    "planet": DefineStatementRaw(
                        "DEFINE TABLE planet SCHEMAFULL PERMISSIONS NONE",
                    ),
                },
            ),
        ),
        tokens: Tokens(
            Info(
                {},
            ),
        ),
        users: Users(
            Info(
                {},
            ),
        ),
    },
    migration_meta: [
        StreamLinedMigration {
            basename: Basename(
                "migration_2_gen",
            ),
            extension: Extension(
                "surql",
            ),
            checksum_up: Checksum(
                "7e8893918909d1d527bc7a6a279a95d1703e445e0cde90e8082ed4fd9ced0dbf",
            ),
            checksum_down: None,
        },
        StreamLinedMigration {
            basename: Basename(
                "migration_init",
            ),
            extension: Extension(
                "surql",
            ),
            checksum_up: Checksum(
                "07ae2bc74fc393a53ad8f26eab2ca631cb4fbaec74979f3e3bf7848f41c7334d",
            ),
            checksum_down: None,
        },
    ],
}
