---
source: migrator-tests/src/lib.rs
expression: db_miration_schema_state
---
DbMigrationSchemaState {
    resources: DbInfo {
        analyzers: Analyzers(
            Info(
                {},
            ),
        ),
        functions: Functions(
            Info(
                {},
            ),
        ),
        params: Params(
            Info(
                {},
            ),
        ),
        scopes: Scopes(
            Info(
                {},
            ),
        ),
        tables: Tables(
            Info(
                {
                    "crop": DefineStatementRaw(
                        "DEFINE TABLE crop SCHEMAFULL PERMISSIONS NONE",
                    ),
                    "migration": DefineStatementRaw(
                        "DEFINE TABLE migration SCHEMAFULL PERMISSIONS NONE",
                    ),
                    "student": DefineStatementRaw(
                        "DEFINE TABLE student SCHEMAFULL PERMISSIONS NONE",
                    ),
                },
            ),
        ),
        tokens: Tokens(
            Info(
                {},
            ),
        ),
        users: Users(
            Info(
                {},
            ),
        ),
    },
    migration_meta: [
        StreamLinedMigration {
            basename: Basename(
                "migration_5_gen_after_init",
            ),
            extension: Extension(
                "surql",
            ),
            checksum_up: Checksum(
                "6f052b7bec10f8d14738b0cf9908fd193d6ab430d7f1696f0e361b70f79dd7ae",
            ),
            checksum_down: None,
        },
        StreamLinedMigration {
            basename: Basename(
                "migration_4_gen_after_init",
            ),
            extension: Extension(
                "surql",
            ),
            checksum_up: Checksum(
                "2d850089c51a49447395c7b5da3c2cad248644d7a649e2b3711c2d4510cd0ffc",
            ),
            checksum_down: None,
        },
        StreamLinedMigration {
            basename: Basename(
                "migration_3_gen_after_init",
            ),
            extension: Extension(
                "surql",
            ),
            checksum_up: Checksum(
                "e3b0c44298fc1c149afbf4c8996fb92427ae41e4649b934ca495991b7852b855",
            ),
            checksum_down: None,
        },
        StreamLinedMigration {
            basename: Basename(
                "migration_2_gen_after_init",
            ),
            extension: Extension(
                "surql",
            ),
            checksum_up: Checksum(
                "e3b0c44298fc1c149afbf4c8996fb92427ae41e4649b934ca495991b7852b855",
            ),
            checksum_down: None,
        },
        StreamLinedMigration {
            basename: Basename(
                "migration_1_init",
            ),
            extension: Extension(
                "surql",
            ),
            checksum_up: Checksum(
                "adceda8f9eaccd54bcb515250c8a9e2deee25a0c24228433e739fd3f72dfaab4",
            ),
            checksum_down: None,
        },
    ],
}
