---
source: migrator-tests/src/lib.rs
expression: db_miration_schema_state
---
DbMigrationSchemaState {
    resources: DbInfo {
        analyzers: Analyzers(
            Info(
                {},
            ),
        ),
        functions: Functions(
            Info(
                {},
            ),
        ),
        params: Params(
            Info(
                {},
            ),
        ),
        scopes: Scopes(
            Info(
                {},
            ),
        ),
        tables: Tables(
            Info(
                {
                    "crop": DefineStatementRaw(
                        "DEFINE TABLE crop SCHEMAFULL PERMISSIONS NONE",
                    ),
                    "migration": DefineStatementRaw(
                        "DEFINE TABLE migration SCHEMAFULL PERMISSIONS NONE",
                    ),
                    "student": DefineStatementRaw(
                        "DEFINE TABLE student SCHEMAFULL PERMISSIONS NONE",
                    ),
                },
            ),
        ),
        tokens: Tokens(
            Info(
                {},
            ),
        ),
        users: Users(
            Info(
                {},
            ),
        ),
    },
    migration_meta: [
        StreamLinedMigration {
            basename: Basename(
                "migration_reset",
            ),
            extension: Extension(
                "up.surql",
            ),
            checksum_up: Checksum(
                "b4e923939b513485bfdc4bf784f66a007e1b09494800042c55bc086c85f013cc",
            ),
            checksum_down: Some(
                Checksum(
                    "2e29b106daa0e471efd2d48d55ebef5419ded9c366edf56813a223881327219c",
                ),
            ),
        },
    ],
}
