---
source: migrator-tests/src/lib.rs
expression: db_miration_schema_state
---
DbMigrationSchemaState {
    resources: DbInfo {
        analyzers: Analyzers(
            Info(
                {},
            ),
        ),
        functions: Functions(
            Info(
                {},
            ),
        ),
        params: Params(
            Info(
                {},
            ),
        ),
        scopes: Scopes(
            Info(
                {},
            ),
        ),
        tables: Tables(
            Info(
                {
                    "animal": DefineStatementRaw(
                        "DEFINE TABLE animal SCHEMAFULL PERMISSIONS NONE",
                    ),
                    "crop": DefineStatementRaw(
                        "DEFINE TABLE crop SCHEMAFULL PERMISSIONS NONE",
                    ),
                    "eats": DefineStatementRaw(
                        "DEFINE TABLE eats SCHEMAFULL PERMISSIONS NONE",
                    ),
                    "migration": DefineStatementRaw(
                        "DEFINE TABLE migration SCHEMAFULL PERMISSIONS NONE",
                    ),
                    "new_stuff": DefineStatementRaw(
                        "DEFINE TABLE new_stuff SCHEMAFULL PERMISSIONS NONE",
                    ),
                    "planet": DefineStatementRaw(
                        "DEFINE TABLE planet SCHEMAFULL PERMISSIONS NONE",
                    ),
                },
            ),
        ),
        tokens: Tokens(
            Info(
                {},
            ),
        ),
        users: Users(
            Info(
                {},
            ),
        ),
    },
    migration_meta: [
        StreamLinedMigration {
            basename: Basename(
                "migration_2_gen",
            ),
            extension: Extension(
                "up.surql",
            ),
            checksum_up: Checksum(
                "562d97870bebc0f0f363225f72305099627d0aff821a021ebc03405068cdf85d",
            ),
            checksum_down: Some(
                Checksum(
                    "ba2891a4c21aae920a0fb03ab6353cfe3b3acecf306feddfa2a5954acb249d7c",
                ),
            ),
        },
        StreamLinedMigration {
            basename: Basename(
                "migration_init",
            ),
            extension: Extension(
                "up.surql",
            ),
            checksum_up: Checksum(
                "5698c6869203e93a5548120e5cb133b5addac80deb19e0775856757272258f4f",
            ),
            checksum_down: Some(
                Checksum(
                    "d2bdf89ec731af7695337f33284cb5af78977b0610bba1464a005cdcb8394272",
                ),
            ),
        },
    ],
}
