---
source: derive_helpers/src/utilities/pick.rs
expression: tokenstream
---
struct PickedPerson < 'a , 'b > { name : < Person < 'a , 'b , :: std :: marker :: PhantomData < dyn Any > > as PersonPickable > :: name , age : < Person < 'a , 'b , :: std :: marker :: PhantomData < dyn Any > > as PersonPickable > :: age , }
