---
source: derive_helpers/src/utilities/pick.rs
expression: tokenstream
---
pub struct PickedPerson < T , U > { name : < Person < :: std :: marker :: PhantomData < dyn Any > , :: std :: marker :: PhantomData < dyn Any > , T , :: std :: marker :: PhantomData < dyn Any > , U , :: std :: marker :: PhantomData < dyn Any > , :: std :: marker :: PhantomData < dyn Any > > as PersonPickable > :: name , age : < Person < :: std :: marker :: PhantomData < dyn Any > , :: std :: marker :: PhantomData < dyn Any > , T , :: std :: marker :: PhantomData < dyn Any > , U , :: std :: marker :: PhantomData < dyn Any > , :: std :: marker :: PhantomData < dyn Any > > as PersonPickable > :: age , }
