---
source: derive_helpers/src/utilities/pick.rs
expression: "tokenstream.replace(\" \", \"\")"
---
structPickedPerson<'a,U>{name:<Person<'a,::std::marker::PhantomData<dynAny>,U,::std::marker::PhantomData<dynAny>,>asPersonPickable>::name,age:<Person<'a,::std::marker::PhantomData<dynAny>,U,::std::marker::PhantomData<dynAny>,>asPersonPickable>::age,some:<Person<'a,::std::marker::PhantomData<dynAny>,U,::std::marker::PhantomData<dynAny>,>asPersonPickable>::some,another:<Person<'a,::std::marker::PhantomData<dynAny>,U,::std::marker::PhantomData<dynAny>,>asPersonPickable>::another,}
