---
source: derive_helpers/src/utilities/pick.rs
expression: tokenstream
---
pub struct PickedPerson < 'a , 'b > { name : < Person < :: std :: marker :: PhantomData < dyn :: std :: any :: Any > , 'a , 'b > as PersonPickable > :: name , age : < Person < :: std :: marker :: PhantomData < dyn :: std :: any :: Any > , 'a , 'b > as PersonPickable > :: age , }
