---
source: surreal-orm-tests/tests/node_attributes.rs
expression: "StudentWithGranularAttributes::define_table().to_raw().build()"
---
DEFINE TABLE student_with_granular_attributes DROP SCHEMAFULL AS 
	SELECT * FROM student
PERMISSIONS
FOR select, update
	WHERE name IS 'Oyedayo'
FOR create, delete
	WHERE age <= 57;
