---
source: surrealdb-macros/src/query_define_token.rs
expression: token_def.get_bindings()
---
[
    Binding {
        param: "_param_00000000",
        value: Strand(
            Strand(
                "oyelowo_token",
            ),
        ),
        original_inline_name: "_param_00000000",
        raw_string: "'oyelowo_token'",
    },
    Binding {
        param: "_param_00000000",
        value: Strand(
            Strand(
                "anaksunamun",
            ),
        ),
        original_inline_name: "_param_00000000",
        raw_string: "'anaksunamun'",
    },
]
