---
source: surrealdb-macros/src/query_chain.rs
expression: transaction.get_bindings()
---
[
    Binding {
        param: "user:oyelowo",
        value: Thing(
            Thing {
                tb: "user",
                id: String(
                    "oyelowo",
                ),
            },
        ),
        original_inline_name: "user:oyelowo",
        raw_string: "user:oyelowo",
        description: None,
    },
    Binding {
        param: "'Prince Edward Island'",
        value: Strand(
            Strand(
                "Prince Edward Island",
            ),
        ),
        original_inline_name: "'Prince Edward Island'",
        raw_string: "'Prince Edward Island'",
        description: None,
    },
    Binding {
        param: "'NewFoundland'",
        value: Strand(
            Strand(
                "NewFoundland",
            ),
        ),
        original_inline_name: "'NewFoundland'",
        raw_string: "'NewFoundland'",
        description: None,
    },
    Binding {
        param: "'Toronto'",
        value: Strand(
            Strand(
                "Toronto",
            ),
        ),
        original_inline_name: "'Toronto'",
        raw_string: "'Toronto'",
        description: None,
    },
    Binding {
        param: "user:oyedayo",
        value: Thing(
            Thing {
                tb: "user",
                id: String(
                    "oyedayo",
                ),
            },
        ),
        original_inline_name: "user:oyedayo",
        raw_string: "user:oyedayo",
        description: None,
    },
    Binding {
        param: "'INDONESIA'",
        value: Strand(
            Strand(
                "INDONESIA",
            ),
        ),
        original_inline_name: "'INDONESIA'",
        raw_string: "'INDONESIA'",
        description: None,
    },
    Binding {
        param: "user:4",
        value: Thing(
            Thing {
                tb: "user",
                id: Number(
                    4,
                ),
            },
        ),
        original_inline_name: "user:4",
        raw_string: "user:4",
        description: None,
    },
]
