---
source: surrealdb-orm-tests/tests/geometry.rs
expression: company
---
{"id":"company:32","nam":"285cfebe-a7f2-4100-aeb3-7f73998fff02","name":"Mana Inc.","founded":"1967-05-03T00:00:00Z","founders":[{"name":"John Doe"},{"name":"Jane Doe"}],"tags":["foo","bar"],"home":{"type":"GeometryCollection","geometries":[{"type":"Point","coordinates":[0.0,0.0]},{"type":"LineString","coordinates":[[1.0,1.0],[2.0,2.0]]}]}}
