---
source: surrealdb-orm-tests/tests/query_transaction.rs
expression: transaction_query.to_raw().build()
---
BEGIN TRANSACTION;

LET $balance = (CREATE balance CONTENT { amount: 300.0, id: balance:balance1 });

CREATE account CONTENT { balance: 135605.16, id: account:one };

CREATE account CONTENT { balance: 91031.31, id: account:two };

UPDATE account:one SET balance += $balance.amount;

UPDATE account:two SET balance -= 300.0;

COMMIT TRANSACTION;
	
