---
source: surrealdb-orm-tests/tests/test_query_strings.rs
expression: "&query.to_raw().build()"
---
SELECT * FROM student, student, book, student, book, book:1, SELECT * FROM book WHERE (content ~ 'lowo' AND age >= 600) OR (firstName = 'Oyelowo') AND (lastName = 'Oyedayo') GROUP BY content, age ORDER BY lastName  DESC LIMIT 50 START AT 20 TIMEOUT 9s PARALLEL; WHERE (age > age >= age <= 20 ~ firstName + 5 - 10 AND unoBook OR age) AND (bestFriend == 'Oyelowo') OR (firstName = true) AND (age >= 150) SPLIT lastName, firstName, firstName, semCoures, firstName, semCoures GROUP BY course, firstName, lastName, unoBook, lowo, lastName, unoBook, lowo, age, bestFriend, dayo ORDER BY firstName RAND() DESC, lastName COLLATE ASC, id NUMERIC DESC, id NUMERIC DESC, id NUMERIC DESC, firstName  DESC, id NUMERIC DESC, firstName  DESC LIMIT 400 START AT 5 FETCH firstName, lastName, age, unoBook, age, unoBook TIMEOUT 8s PARALLEL;
