---
source: surrealdb-orm-tests/tests/test_query_strings.rs
expression: "replace_params(&format!(\"{:?}\", relation.get_bindings()))"
---
"[Binding { param: \"_param_c17fb0ca\", value: Table(Table(\"student\")), original_inline_name: \"_param_c17fb0ca\", raw_string: \"student\", description: None }, Binding { param: \"_param_9d995bc6\", value: Table(Table(\"book\")), original_inline_name: \"_param_9d995bc6\", raw_string: \"book\", description: None }, Binding { param: \"_param_036da1e0\", value: Strand(Strand(\"Oyelowo\")), original_inline_name: \"_param_036da1e0\", raw_string: \"'Oyelowo'\", description: None }, Binding { param: \"_param_08f61824\", value: Object(Object({\"in\": Null, \"out\": Null, \"timeWritten\": Object(Object({\"nanos\": Number(Int(0)), \"secs\": Number(Int(52))}))})), original_inline_name: \"_param_08f61824\", raw_string: \"{ in: NULL, out: NULL, timeWritten: { nanos: 0, secs: 52 } }\", description: None }]"
