---
source: surrealdb-orm-tests/tests/test_query_strings.rs
expression: "replace_params(&format!(\"{:?}\", relate_simple.get_bindings()))"
---
"[Binding { param: \"_param_00000001\", value: Thing(Thing { tb: \"student\", id: Number(1) }), original_inline_name: \"_param_00000002\", raw_string: \"student:1\", description: None }, Binding { param: \"_param_00000003\", value: Thing(Thing { tb: \"book\", id: Number(2) }), original_inline_name: \"_param_00000004\", raw_string: \"book:2\", description: None }, Binding { param: \"_param_00000005\", value: Object(Object({\"count\": Number(Int(0)), \"id\": Thing(Thing { tb: \"writes\", id: String(\"w56tuqwzyo7ffts8ld7x\") }), \"timeWritten\": Object(Object({\"nanos\": Number(Int(0)), \"secs\": Number(Int(343))}))})), original_inline_name: \"_param_00000006\", raw_string: \"{ count: 0, id: writes:w56tuqwzyo7ffts8ld7x, timeWritten: { nanos: 0, secs: 343 } }\", description: None }]"
