---
source: surrealdb-orm-tests/tests/test_query_strings.rs
expression: "&query.fine_tune_params()"
---
SELECT *, content FROM student, student, book, student, book, $_param_00000001, $_param_00000002 WHERE (age > age >= age <= $_param_00000003 ~ firstName + $_param_00000004 - $_param_00000005 AND unoBook OR age) AND (bestFriend == $_param_00000006) OR (firstName = $_param_00000007) AND (age >= $_param_00000008) SPLIT lastName, firstName, firstName, semCoures, firstName, semCoures GROUP BY course, firstName, lastName, unoBook, lowo, lastName, unoBook, lowo, age, bestFriend, dayo ORDER BY firstName RAND() DESC, lastName COLLATE ASC, id NUMERIC DESC, id NUMERIC DESC, id NUMERIC DESC, firstName  DESC, id NUMERIC DESC, firstName  DESC LIMIT $_param_00000009 START AT $_param_00000010 FETCH firstName, lastName, age, unoBook, age, unoBook TIMEOUT 8s PARALLEL;
