---
source: query-builder/src/statements/ifelse.rs
expression: if_statement5.fine_tune_params()
---
IF age >= $_param_00000001 <= $_param_00000002 
	{ SELECT * FROM user; }
ELSE IF name ~ $_param_00000003 
	{ SELECT * FROM book; }
ELSE IF (country IS $_param_00000004) OR (country IS $_param_00000005) 
	{ SELECT * FROM fruit; }
ELSE
	{ SELECT * FROM user; };
