---
source: surrealdb-query-builder/src/statements/define_field.rs
expression: statement.get_bindings()
---
[
    Binding {
        param: "_param_95da4414",
        value: Number(
            Int(
                18,
            ),
        ),
        original_inline_name: "_param_95da4414",
        raw_string: "18",
        description: None,
    },
    Binding {
        param: "_param_8fc54b0c",
        value: Strand(
            Strand(
                "Oyedayo",
            ),
        ),
        original_inline_name: "_param_8fc54b0c",
        raw_string: "'Oyedayo'",
        description: None,
    },
    Binding {
        param: "_param_8bf0a11a",
        value: Strand(
            Strand(
                "Oyedayo",
            ),
        ),
        original_inline_name: "_param_8bf0a11a",
        raw_string: "'Oyedayo'",
        description: None,
    },
    Binding {
        param: "_param_f71ca4e3",
        value: Number(
            Int(
                130,
            ),
        ),
        original_inline_name: "_param_f71ca4e3",
        raw_string: "130",
        description: None,
    },
]
