---
source: surrealdb-macros/src/query_define_table.rs
expression: statement
---
DEFINE TABLE user DROP SCHEMAFULL
PERMISSIONS
FOR select
	WHERE age >= $_param_00000000
FOR create, delete
	WHERE name IS $_param_00000000
FOR create, delete
	WHERE name IS $_param_00000000
FOR update
	WHERE age <= $_param_00000000
;
