---
source: surrealdb-macros/src/query_define_event.rs
expression: query.get_bindings()
---
[
    Binding {
        param: "_param_00000000",
        value: Number(
            Int(
                18,
            ),
        ),
        original_inline_name: "_param_00000000",
        raw_string: "18",
        description: None,
    },
    Binding {
        param: "_param_00000000",
        value: Thing(
            Thing {
                tb: "user",
                id: String(
                    "oyelowo",
                ),
            },
        ),
        original_inline_name: "_param_00000000",
        raw_string: "user:oyelowo",
        description: None,
    },
    Binding {
        param: "_param_00000000",
        value: Strand(
            Strand(
                "Prince Edward Island",
            ),
        ),
        original_inline_name: "_param_00000000",
        raw_string: "'Prince Edward Island'",
        description: None,
    },
    Binding {
        param: "_param_00000000",
        value: Strand(
            Strand(
                "NewFoundland",
            ),
        ),
        original_inline_name: "_param_00000000",
        raw_string: "'NewFoundland'",
        description: None,
    },
    Binding {
        param: "_param_00000000",
        value: Strand(
            Strand(
                "Toronto",
            ),
        ),
        original_inline_name: "_param_00000000",
        raw_string: "'Toronto'",
        description: None,
    },
]
