---
source: surrealdb-macros/src/query_for.rs
expression: for_res.get_bindings()
---
[
    Binding {
        param: "_param_00000000",
        value: Strand(
            Strand(
                "Oyelowo",
            ),
        ),
        original_inline_name: "_param_00000000",
        raw_string: "'Oyelowo'",
        description: None,
    },
]
