---
source: surrealdb-macros/src/query_define_scope.rs
expression: token_def.get_bindings()
---
[
    Binding {
        param: "_param_00000000",
        value: Idiom(
            Idiom(
                [
                    Field(
                        Ident(
                            "oyelowo_scope",
                        ),
                    ),
                ],
            ),
        ),
        original_inline_name: "_param_00000000",
        raw_string: "oyelowo_scope",
        description: Some(
            "Session scope",
        ),
    },
    Binding {
        param: "_param_00000000",
        value: Duration(
            Duration(
                45s,
            ),
        ),
        original_inline_name: "_param_00000000",
        raw_string: "45s",
        description: Some(
            "Session durration.",
        ),
    },
]
