---
source: orm-tests/tests/query_transaction.rs
expression: transaction_query.fine_tune_params()
---
BEGIN TRANSACTION;

LET $balance = $_param_00000001;

CREATE ONLY account CONTENT $_param_00000002;

CREATE ONLY account CONTENT $_param_00000003;

UPDATE $_param_00000004 SET balance += $balance.amount;

UPDATE $_param_00000005 SET balance -= $_param_00000006;

COMMIT TRANSACTION;
	
