---
source: orm-tests/tests/query_ifelse.rs
expression: queries_1.fine_tune_params()
---
{
LET $val = $_param_00000001;

LET $oye_name = $_param_00000002;

LET $select_space_ship = $_param_00000003;

IF $val > $_param_00000004 
	{ RETURN $select_space_ship; }
ELSE IF $oye_name = $_param_00000005 
	{ RETURN $_param_00000006; }
ELSE
	{ LET $x = $_param_00000007;

RETURN $x; }

RETURN $_param_00000008;
}
