---
source: orm-tests/tests/query_block.rs
expression: created_stats_statement.fine_tune_params()
---
CREATE weapon_stats SET averageStrength = {
LET $strengths = $_param_00000001;

LET $total = math::sum($strengths);

LET $count = array::len($strengths);

RETURN math::ceil(((($total / $count) * ($count * $total)) / ($total + $_param_00000002)) * $_param_00000003);
};
