---
source: surreal_orm-tests/tests/test_query_strings.rs
expression: "&query.to_raw().build()"
---
SELECT *, content, age, lastName, firstName, course FROM student WHERE (age > age ~ firstName + 5 - 10 AND unoBook OR age) AND (bestFriend == 'Oyelowo') OR (firstName = 'Oyedayo') AND (age >= 150) SPLIT lastName, firstName, firstName, semesterCourses, firstName, semesterCourses GROUP BY course, firstName, lastName, unoBook, lastName, unoBook, age, bestFriend, dayo ORDER BY firstName RAND() DESC, lastName COLLATE ASC, id NUMERIC DESC, id NUMERIC DESC, id NUMERIC DESC, firstName DESC, id NUMERIC DESC, firstName DESC LIMIT 400 START AT 5 FETCH firstName, lastName, age, unoBook, age, unoBook TIMEOUT 8s PARALLEL;
