---
source: surreal-orm-tests/tests/test_query_strings.rs
expression: "replace_params(&format!(\"{:?}\", x.get_bindings()))"
---
"[Binding { param: \"_param_00000001\", value: Number(Int(18)), original_inline_name: \"_param_00000002\", raw_string: \"18\", description: None }, Binding { param: \"_param_00000003\", value: Number(Int(150)), original_inline_name: \"_param_00000004\", raw_string: \"150\", description: None }, Binding { param: \"_param_00000005\", value: Number(Int(3422)), original_inline_name: \"_param_00000006\", raw_string: \"3422\", description: None }, Binding { param: \"_param_00000007\", value: Thing(Thing { tb: \"book\", id: String(\"blaze\") }), original_inline_name: \"_param_00000008\", raw_string: \"book:blaze\", description: None }]"
