---
source: surreal-macros/src/query_ifelse.rs
expression: if_statement5
---
IF age >= $_param_00000000 <= $_param_00000000 THEN
	_param_00000000
ELSE IF name ~ $_param_00000000 THEN
	_param_00000000
ELSE IF (country IS $_param_00000000) OR (country IS $_param_00000000) THEN
	_param_00000000
ELSE
	_param_00000000
END
